G15_b92_full_wipe2
  gather1_mid left physically_touched [255, 256, 257] wrong_by_step [[252, 253, 254, 255, 256, 257, 258, 259, 260], [249, 250, 251, 252, 253, 254, 255, 256, 257, 258, 259], [246, 247, 248, 249, 250, 251, 252, 253, 254, 255, 256, 257, 258, 259, 260], [243, 244, 245, 246, 247, 248, 249, 250, 251, 252, 253, 254, 255, 256, 257, 258, 259, 260, 261]]
  gather2_start left physically_touched [255, 256, 257] wrong_by_step [[252, 253, 254, 255, 256, 257, 258, 259, 260], [249, 250, 251, 252, 253, 254, 255, 256, 257, 258, 259], [246, 247, 248, 249, 250, 251, 252, 253, 254, 255, 256, 257, 258, 259, 260], [243, 244, 245, 246, 247, 248, 249, 250, 251, 252, 253, 254, 255, 256, 257, 258, 259, 260, 261]]
  special_proc left physically_touched [255, 256, 257] wrong_by_step [[255, 256, 257], [252, 253, 254, 255, 256, 257, 258, 259, 260], [249, 250, 251, 252, 253, 254, 255, 256, 257, 258, 259, 260, 261], [246, 247, 248, 249, 250, 251, 252, 253, 254, 255, 256, 257, 258, 259, 260, 261]]
  final_program left physically_touched [255, 256, 257] wrong_by_step [[255, 256, 257], [252, 253, 254, 255, 256, 257, 258, 259, 260], [249, 250, 251, 252, 253, 254, 255, 256, 257, 258, 259, 260, 261], [246, 247, 248, 249, 250, 251, 252, 253, 254, 255, 256, 257, 258, 259, 260, 261]]
  commit left physically_touched [255, 256, 257] wrong_by_step [[255, 256, 257], [252, 253, 254, 255, 256, 257, 258, 259, 260], [249, 250, 251, 252, 253, 254, 255, 256, 257, 258, 259, 260, 261], [246, 247, 248, 249, 250, 251, 252, 253, 254, 255, 256, 257, 258, 259, 260, 261]]
G15_b93_full_wipe3
  gather1_mid mid physically_touched [255, 256, 257] wrong_by_step [[252, 253, 254, 255, 256, 257, 258, 259, 260], [249, 250, 251, 252, 253, 254, 255, 256, 257, 258, 259], [246, 247, 248, 249, 250, 251, 252, 253, 254, 255, 256, 257, 258, 259, 260], [243, 244, 245, 246, 247, 248, 249, 250, 251, 252, 253, 254, 255, 256, 257, 258, 259, 260, 261]]
  gather1_mid left physically_touched [254, 255, 256, 257] wrong_by_step [[251, 252, 253, 254, 255, 256, 257, 258, 259, 260], [248, 249, 250, 251, 252, 253, 254, 255, 256, 257, 258, 259], [245, 246, 247, 248, 249, 250, 251, 252, 253, 254, 255, 256, 257, 258, 259, 260], [242, 243, 244, 245, 246, 247, 248, 249, 250, 251, 252, 253, 254, 255, 256, 257, 258, 259, 260, 261]]
  gather2_start mid physically_touched [255, 256, 257] wrong_by_step [[252, 253, 254, 255, 256, 257, 258, 259, 260], [249, 250, 251, 252, 253, 254, 255, 256, 257, 258, 259], [246, 247, 248, 249, 250, 251, 252, 253, 254, 255, 256, 257, 258, 259, 260], [243, 244, 245, 246, 247, 248, 249, 250, 251, 252, 253, 254, 255, 256, 257, 258, 259, 260, 261]]
  gather2_start left physically_touched [254, 255, 256, 257] wrong_by_step [[251, 252, 253, 254, 255, 256, 257, 258, 259, 260], [248, 249, 250, 251, 252, 253, 254, 255, 256, 257, 258, 259], [245, 246, 247, 248, 249, 250, 251, 252, 253, 254, 255, 256, 257, 258, 259, 260], [242, 243, 244, 245, 246, 247, 248, 249, 250, 251, 252, 253, 254, 255, 256, 257, 258, 259, 260, 261]]
  special_proc mid physically_touched [255, 256, 257] wrong_by_step [[255, 256, 257], [252, 253, 254, 255, 256, 257, 258, 259, 260], [249, 250, 251, 252, 253, 254, 255, 256, 257, 258, 259, 260, 261], [246, 247, 248, 249, 250, 251, 252, 253, 254, 255, 256, 257, 258, 259, 260, 261]]
  special_proc left physically_touched [254, 255, 256, 257] wrong_by_step [[254, 255, 256, 257], [251, 252, 253, 254, 255, 256, 257, 258, 259, 260], [248, 249, 250, 251, 252, 253, 254, 255, 256, 257, 258, 259, 260, 261], [245, 246, 247, 248, 249, 250, 251, 252, 253, 254, 255, 256, 257, 258, 259, 260, 261]]
  final_program mid physically_touched [255, 256, 257] wrong_by_step [[255, 256, 257], [252, 253, 254, 255, 256, 257, 258, 259, 260], [249, 250, 251, 252, 253, 254, 255, 256, 257, 258, 259, 260, 261], [246, 247, 248, 249, 250, 251, 252, 253, 254, 255, 256, 257, 258, 259, 260, 261]]
  final_program left physically_touched [254, 255, 256, 257] wrong_by_step [[254, 255, 256, 257], [251, 252, 253, 254, 255, 256, 257, 258, 259, 260], [248, 249, 250, 251, 252, 253, 254, 255, 256, 257, 258, 259, 260, 261, 262], [245, 246, 247, 248, 249, 250, 251, 252, 253, 254, 255, 256, 257, 258, 259, 260, 261, 263, 264, 265]]
  commit mid physically_touched [255, 256, 257] wrong_by_step [[255, 256, 257], [252, 253, 254, 255, 256, 257, 258, 259, 260], [249, 250, 251, 252, 253, 254, 255, 256, 257, 258, 259, 260, 261, 262, 263], [246, 247, 248, 249, 250, 251, 252, 253, 254, 255, 256, 257, 258, 259, 260, 261, 262, 263, 264, 265, 266]]
  commit left physically_touched [254, 255, 256, 257] wrong_by_step [[254, 255, 256, 257], [251, 252, 253, 254, 255, 256, 257, 258, 259, 260], [248, 249, 250, 251, 252, 253, 254, 255, 256, 257, 258, 259, 260, 261, 262, 263], [245, 246, 247, 248, 249, 250, 251, 252, 253, 254, 255, 256, 257, 258, 259, 260, 261, 262, 263, 264, 265, 266]]
G15_b95_full_box1000
  gather1_mid mid physically_touched [255, 256, 257] wrong_by_step [[252, 253, 254, 255, 256, 257, 258, 259, 260], [249, 250, 251, 252, 253, 254, 255, 256, 257, 258, 259], [246, 247, 248, 249, 250, 251, 252, 253, 254, 255, 256, 257, 258, 259, 260], [243, 244, 245, 246, 247, 248, 249, 250, 251, 252, 253, 254, 255, 256, 257, 258, 259, 260, 261]]
  gather2_start mid physically_touched [255, 256, 257] wrong_by_step [[252, 253, 254, 255, 256, 257, 258, 259, 260], [249, 250, 251, 252, 253, 254, 255, 256, 257, 258, 259, 260], [246, 247, 248, 249, 250, 251, 252, 253, 254, 255, 256, 257, 258, 259, 260, 261], [243, 244, 245, 246, 247, 248, 249, 250, 251, 252, 253, 254, 255, 256, 257, 258, 259, 260, 261]]
  special_proc mid physically_touched [255, 256, 257] wrong_by_step [[255, 256, 257], [252, 253, 254, 255, 256, 257, 258, 259, 260], [249, 250, 251, 252, 253, 254, 255, 256, 257, 258, 259, 260, 261], [246, 247, 248, 249, 250, 251, 252, 253, 254, 255, 256, 257, 258, 259, 260, 261]]
  final_program mid physically_touched [255, 256, 257] wrong_by_step [[255, 256, 257], [252, 253, 254, 255, 256, 257, 258, 259, 260], [249, 250, 251, 252, 253, 254, 255, 256, 257, 258, 259, 260, 261], [246, 247, 248, 249, 250, 251, 252, 253, 254, 255, 256, 257, 258, 259, 260, 261]]
  commit mid physically_touched [255, 256, 257] wrong_by_step [[255, 256, 257], [252, 253, 254, 255, 256, 257, 258, 259, 260], [249, 250, 251, 252, 253, 254, 255, 256, 257, 258, 259, 260, 261], [246, 247, 248, 249, 250, 251, 252, 253, 254, 255, 256, 257, 258, 259, 260, 261]]
G15_b96_full_wipe2_e0all
  gather1_mid left physically_touched [255, 256, 257] wrong_by_step [[252, 253, 254, 255, 256, 257, 258, 259, 260], [249, 250, 251, 252, 253, 254, 255, 256, 257, 258, 259], [246, 247, 248, 249, 250, 251, 252, 253, 254, 255, 256, 257, 258, 259, 260], [243, 244, 245, 246, 247, 248, 249, 250, 251, 252, 253, 254, 255, 256, 257, 258, 259, 260, 261]]
  gather2_start left physically_touched [255, 256, 257] wrong_by_step [[252, 253, 254, 255, 256, 257, 258, 259, 260], [249, 250, 251, 252, 253, 254, 255, 256, 257, 258, 259], [246, 247, 248, 249, 250, 251, 252, 253, 254, 255, 256, 257, 258, 259, 260], [243, 244, 245, 246, 247, 248, 249, 250, 251, 252, 253, 254, 255, 256, 257, 258, 259, 260, 261]]
  special_proc left physically_touched [255, 256, 257] wrong_by_step [[255, 256, 257], [252, 253, 254, 255, 256, 257, 258, 259, 260], [249, 250, 251, 252, 253, 254, 255, 256, 257, 258, 259, 260, 261], [246, 247, 248, 249, 250, 251, 252, 253, 254, 255, 256, 257, 258, 259, 260, 261]]
  final_program left physically_touched [255, 256, 257] wrong_by_step [[255, 256, 257], [252, 253, 254, 255, 256, 257, 258, 259, 260], [249, 250, 251, 252, 253, 254, 255, 256, 257, 258, 259, 260, 261], [246, 247, 248, 249, 250, 251, 252, 253, 254, 255, 256, 257, 258, 259, 260, 261]]
  commit left physically_touched [255, 256, 257] wrong_by_step [[255, 256, 257], [252, 253, 254, 255, 256, 257, 258, 259, 260], [249, 250, 251, 252, 253, 254, 255, 256, 257, 258, 259, 260, 261], [246, 247, 248, 249, 250, 251, 252, 253, 254, 255, 256, 257, 258, 259, 260, 261]]
